

times in msec
 clock   self+sourced   self:  sourced script
 clock   elapsed:              other lines

000.006  000.006: --- NVIM STARTING ---
000.220  000.214: locale set
000.431  000.211: inits 1
000.440  000.009: window checked
002.657  002.217: parsing arguments
002.773  000.115: expanding arguments
002.789  000.016: inits 2
003.199  000.411: init highlight
003.200  000.001: waiting for UI
003.915  000.715: done waiting for UI
003.947  000.032: initialized screen early for UI
004.235  000.177  000.177: sourcing /home/neeladri/.config/nvim/vim-plug/mapping.vim
005.379  001.095  001.095: sourcing /home/neeladri/.config/nvim/autoload/plug.vim
014.990  000.010  000.010: sourcing /home/neeladri/.config/nvim/autoload/plugged/nvim-treesitter/ftdetect/gdscript.vim
015.014  000.008  000.008: sourcing /home/neeladri/.config/nvim/autoload/plugged/nvim-treesitter/ftdetect/gomod.vim
015.038  000.014  000.014: sourcing /home/neeladri/.config/nvim/autoload/plugged/nvim-treesitter/ftdetect/hcl.vim
015.064  000.015  000.015: sourcing /home/neeladri/.config/nvim/autoload/plugged/nvim-treesitter/ftdetect/query.vim
015.085  000.009  000.009: sourcing /home/neeladri/.config/nvim/autoload/plugged/nvim-treesitter/ftdetect/yang.vim
015.144  000.007  000.007: sourcing /home/neeladri/.config/nvim/autoload/plugged/vim-fugitive/ftdetect/fugitive.vim
015.753  005.533  005.469: sourcing /usr/share/nvim/runtime/filetype.vim
016.025  000.025  000.025: sourcing /usr/share/nvim/runtime/ftplugin.vim
016.289  000.022  000.022: sourcing /usr/share/nvim/runtime/indent.vim
016.628  000.054  000.054: sourcing /usr/share/nvim/runtime/syntax/synload.vim
016.679  000.234  000.179: sourcing /usr/share/nvim/runtime/syntax/syntax.vim
016.688  012.434  005.526: sourcing /home/neeladri/.config/nvim/vim-plug/plugins.vim
016.854  000.150  000.150: sourcing /home/neeladri/.config/nvim/vim-plug/coc.vim
039.896  000.467  000.467: sourcing /usr/share/nvim/runtime/ftoff.vim
040.291  000.040  000.040: sourcing /usr/share/nvim/runtime/syntax/nosyntax.vim
040.469  000.060  000.060: sourcing /usr/share/nvim/runtime/syntax/synload.vim
044.604  000.009  000.009: sourcing /home/neeladri/.config/nvim/autoload/plugged/nvim-treesitter/ftdetect/gdscript.vim
044.623  000.007  000.007: sourcing /home/neeladri/.config/nvim/autoload/plugged/nvim-treesitter/ftdetect/gomod.vim
044.645  000.012  000.012: sourcing /home/neeladri/.config/nvim/autoload/plugged/nvim-treesitter/ftdetect/hcl.vim
044.667  000.013  000.013: sourcing /home/neeladri/.config/nvim/autoload/plugged/nvim-treesitter/ftdetect/query.vim
044.684  000.007  000.007: sourcing /home/neeladri/.config/nvim/autoload/plugged/nvim-treesitter/ftdetect/yang.vim
044.741  000.007  000.007: sourcing /home/neeladri/.config/nvim/autoload/plugged/vim-fugitive/ftdetect/fugitive.vim
045.326  004.742  004.687: sourcing /usr/share/nvim/runtime/filetype.vim
046.003  000.321  000.321: sourcing /usr/share/nvim/runtime/scripts.vim
046.167  005.938  000.775: sourcing /usr/share/nvim/runtime/syntax/syntax.vim
051.002  004.734  004.734: sourcing /home/neeladri/.config/nvim/autoload/plugged/onedark.nvim/colors/onedark.vim
051.565  000.010  000.010: sourcing /usr/share/nvim/runtime/filetype.vim
051.822  000.008  000.008: sourcing /usr/share/nvim/runtime/ftplugin.vim
052.071  000.007  000.007: sourcing /usr/share/nvim/runtime/indent.vim
052.315  000.007  000.007: sourcing /usr/share/nvim/runtime/filetype.vim
052.559  000.007  000.007: sourcing /usr/share/nvim/runtime/ftplugin.vim
059.357  055.321  031.381: sourcing /home/neeladri/.config/nvim/init.vim
059.363  000.095: sourcing vimrc file(s)
059.753  000.091  000.091: sourcing /home/neeladri/.config/nvim/autoload/plugged/coc.nvim/autoload/coc/rpc.vim
060.148  000.360  000.360: sourcing /home/neeladri/.config/nvim/autoload/plugged/coc.nvim/autoload/coc/util.vim
060.370  000.119  000.119: sourcing /home/neeladri/.config/nvim/autoload/plugged/coc.nvim/autoload/coc/client.vim
064.245  004.673  004.102: sourcing /home/neeladri/.config/nvim/autoload/plugged/coc.nvim/plugin/coc.vim
065.840  001.509  001.509: sourcing /home/neeladri/.config/nvim/autoload/plugged/emmet-vim/plugin/emmet.vim
066.245  000.325  000.325: sourcing /home/neeladri/.config/nvim/autoload/plugged/vim-surround/plugin/surround.vim
066.906  000.214  000.214: sourcing /home/neeladri/.config/nvim/autoload/plugged/delimitmate/autoload/delimitMate.vim
068.567  002.263  002.049: sourcing /home/neeladri/.config/nvim/autoload/plugged/delimitmate/plugin/delimitMate.vim
069.094  000.462  000.462: sourcing /home/neeladri/.config/nvim/autoload/plugged/fzf/plugin/fzf.vim
069.747  000.588  000.588: sourcing /home/neeladri/.config/nvim/autoload/plugged/fzf.vim/plugin/fzf.vim
072.990  003.183  003.183: sourcing /home/neeladri/.config/nvim/autoload/plugged/nerdcommenter/plugin/NERD_commenter.vim
073.195  000.149  000.149: sourcing /home/neeladri/.config/nvim/autoload/plugged/vim-highlightedyank/plugin/highlightedyank.vim
074.101  000.837  000.837: sourcing /home/neeladri/.config/nvim/autoload/plugged/nvim-treesitter/plugin/nvim-treesitter.vim
074.280  000.110  000.110: sourcing /home/neeladri/.config/nvim/autoload/plugged/galaxyline.nvim/plugin/galaxyline.vim
074.436  000.013  000.013: sourcing /home/neeladri/.config/nvim/autoload/plugged/indent-blankline.nvim/autoload/indent_blankline/helper.vim
076.080  001.747  001.734: sourcing /home/neeladri/.config/nvim/autoload/plugged/indent-blankline.nvim/plugin/indent_blankline.vim
076.307  000.158  000.158: sourcing /home/neeladri/.config/nvim/autoload/plugged/vim-rooter/plugin/rooter.vim
077.538  001.176  001.176: sourcing /home/neeladri/.config/nvim/autoload/plugged/vim-fugitive/plugin/fugitive.vim
077.739  000.128  000.128: sourcing /home/neeladri/.config/nvim/autoload/plugged/nvim-blame-line/plugin/blameline.vim
078.071  000.276  000.276: sourcing /home/neeladri/.config/nvim/autoload/plugged/vim-subversive/plugin/subversive.vim
078.247  000.032  000.032: sourcing /home/neeladri/.config/nvim/autoload/plugged/vim-cutlass/autoload/cutlass.vim
079.450  001.326  001.294: sourcing /home/neeladri/.config/nvim/autoload/plugged/vim-cutlass/plugin/cutlass.vim
084.636  005.126  005.126: sourcing /home/neeladri/.config/nvim/autoload/plugged/vim-unimpaired/plugin/unimpaired.vim
084.775  000.077  000.077: sourcing /home/neeladri/.config/nvim/autoload/plugged/vim-visual-star-search/plugin/visual-star-search.vim
084.856  000.027  000.027: sourcing /home/neeladri/.config/nvim/autoload/plugged/nvim-web-devicons/plugin/nvim-web-devicons.vim
084.924  000.013  000.013: sourcing /home/neeladri/.config/nvim/autoload/plugged/which-key.nvim/plugin/which-key.vim
085.162  000.193  000.193: sourcing /home/neeladri/.config/nvim/autoload/plugged/targets.vim/plugin/targets.vim
085.271  000.053  000.053: sourcing /home/neeladri/.config/nvim/autoload/plugged/nvim-ts-autotag/plugin/nvim-ts-autotag.vim
085.369  000.039  000.039: sourcing /home/neeladri/.config/nvim/autoload/plugged/plenary.nvim/plugin/plenary.vim
085.772  000.354  000.354: sourcing /home/neeladri/.config/nvim/autoload/plugged/telescope.nvim/plugin/telescope.vim
086.194  000.190  000.190: sourcing /usr/share/nvim/runtime/plugin/gzip.vim
086.222  000.010  000.010: sourcing /usr/share/nvim/runtime/plugin/health.vim
086.302  000.066  000.066: sourcing /usr/share/nvim/runtime/plugin/man.vim
086.969  000.265  000.265: sourcing /usr/share/nvim/runtime/pack/dist/opt/matchit/plugin/matchit.vim
087.050  000.733  000.467: sourcing /usr/share/nvim/runtime/plugin/matchit.vim
087.182  000.118  000.118: sourcing /usr/share/nvim/runtime/plugin/matchparen.vim
087.598  000.402  000.402: sourcing /usr/share/nvim/runtime/plugin/netrwPlugin.vim
087.735  000.009  000.009: sourcing /home/neeladri/.local/share/nvim/rplugin.vim
087.740  000.116  000.107: sourcing /usr/share/nvim/runtime/plugin/rplugin.vim
087.842  000.088  000.088: sourcing /usr/share/nvim/runtime/plugin/shada.vim
087.888  000.022  000.022: sourcing /usr/share/nvim/runtime/plugin/spellfile.vim
088.030  000.123  000.123: sourcing /usr/share/nvim/runtime/plugin/tarPlugin.vim
088.116  000.065  000.065: sourcing /usr/share/nvim/runtime/plugin/tohtml.vim
088.168  000.018  000.018: sourcing /usr/share/nvim/runtime/plugin/tutor.vim
088.331  000.146  000.146: sourcing /usr/share/nvim/runtime/plugin/zipPlugin.vim
089.137  002.889: loading plugins
089.253  000.116: loading packages
089.489  000.236: loading after plugins
089.502  000.013: inits 3
090.593  001.091: reading ShaDa
091.044  000.015  000.015: sourcing /home/neeladri/.config/nvim/autoload/plugged/indent-blankline.nvim/autoload/indent_blankline.vim
091.169  000.560: opening buffers
094.041  002.872: BufEnter autocommands
094.044  000.003: editing files in windows
112.812  018.768: VimEnter autocommands
112.818  000.005: UIEnter autocommands
113.156  000.183  000.183: sourcing /usr/share/nvim/runtime/autoload/provider/clipboard.vim
113.164  000.163: before starting main loop
113.746  000.535  000.535: sourcing /home/neeladri/.config/nvim/autoload/plugged/coc.nvim/autoload/coc/float.vim
116.444  000.178  000.178: sourcing /home/neeladri/.config/nvim/autoload/plugged/coc.nvim/autoload/coc.vim
116.548  002.672: first screen update
116.550  000.002: --- NVIM STARTED ---


times in msec
 clock   self+sourced   self:  sourced script
 clock   elapsed:              other lines

000.036  000.036: --- NVIM STARTING ---
001.031  000.995: locale set
001.711  000.680: inits 1
001.719  000.008: window checked
004.411  002.691: parsing arguments
004.565  000.154: expanding arguments
004.582  000.018: inits 2
005.063  000.480: init highlight
005.063  000.001: waiting for UI
005.681  000.618: done waiting for UI
005.698  000.017: initialized screen early for UI
005.953  000.154  000.154: sourcing /home/neeladri/.config/nvim/vim-plug/mapping.vim
006.954  000.958  000.958: sourcing /home/neeladri/.config/nvim/autoload/plug.vim
015.599  000.010  000.010: sourcing /home/neeladri/.config/nvim/autoload/plugged/nvim-treesitter/ftdetect/gdscript.vim
015.622  000.009  000.009: sourcing /home/neeladri/.config/nvim/autoload/plugged/nvim-treesitter/ftdetect/gomod.vim
015.647  000.015  000.015: sourcing /home/neeladri/.config/nvim/autoload/plugged/nvim-treesitter/ftdetect/hcl.vim
015.672  000.015  000.015: sourcing /home/neeladri/.config/nvim/autoload/plugged/nvim-treesitter/ftdetect/query.vim
015.694  000.009  000.009: sourcing /home/neeladri/.config/nvim/autoload/plugged/nvim-treesitter/ftdetect/yang.vim
015.756  000.008  000.008: sourcing /home/neeladri/.config/nvim/autoload/plugged/vim-fugitive/ftdetect/fugitive.vim
016.381  005.180  005.115: sourcing /usr/share/nvim/runtime/filetype.vim
016.659  000.025  000.025: sourcing /usr/share/nvim/runtime/ftplugin.vim
016.973  000.022  000.022: sourcing /usr/share/nvim/runtime/indent.vim
017.318  000.056  000.056: sourcing /usr/share/nvim/runtime/syntax/synload.vim
017.370  000.237  000.181: sourcing /usr/share/nvim/runtime/syntax/syntax.vim
017.379  011.410  004.987: sourcing /home/neeladri/.config/nvim/vim-plug/plugins.vim
017.540  000.145  000.145: sourcing /home/neeladri/.config/nvim/vim-plug/coc.vim
017.601  000.044  000.044: sourcing /home/neeladri/.config/nvim/vim-plug/telescope_mappings.vim
040.051  000.468  000.468: sourcing /usr/share/nvim/runtime/ftoff.vim
040.448  000.041  000.041: sourcing /usr/share/nvim/runtime/syntax/nosyntax.vim
040.626  000.062  000.062: sourcing /usr/share/nvim/runtime/syntax/synload.vim
044.850  000.010  000.010: sourcing /home/neeladri/.config/nvim/autoload/plugged/nvim-treesitter/ftdetect/gdscript.vim
044.872  000.009  000.009: sourcing /home/neeladri/.config/nvim/autoload/plugged/nvim-treesitter/ftdetect/gomod.vim
044.894  000.012  000.012: sourcing /home/neeladri/.config/nvim/autoload/plugged/nvim-treesitter/ftdetect/hcl.vim
044.919  000.015  000.015: sourcing /home/neeladri/.config/nvim/autoload/plugged/nvim-treesitter/ftdetect/query.vim
044.936  000.007  000.007: sourcing /home/neeladri/.config/nvim/autoload/plugged/nvim-treesitter/ftdetect/yang.vim
044.992  000.007  000.007: sourcing /home/neeladri/.config/nvim/autoload/plugged/vim-fugitive/ftdetect/fugitive.vim
045.584  004.818  004.758: sourcing /usr/share/nvim/runtime/filetype.vim
046.263  000.322  000.322: sourcing /usr/share/nvim/runtime/scripts.vim
046.426  006.043  000.800: sourcing /usr/share/nvim/runtime/syntax/syntax.vim
051.085  004.558  004.558: sourcing /home/neeladri/.config/nvim/autoload/plugged/onedark.nvim/colors/onedark.vim
051.664  000.010  000.010: sourcing /usr/share/nvim/runtime/filetype.vim
051.921  000.008  000.008: sourcing /usr/share/nvim/runtime/ftplugin.vim
052.170  000.007  000.007: sourcing /usr/share/nvim/runtime/indent.vim
052.416  000.007  000.007: sourcing /usr/share/nvim/runtime/filetype.vim
052.660  000.007  000.007: sourcing /usr/share/nvim/runtime/ftplugin.vim
059.241  053.462  030.602: sourcing /home/neeladri/.config/nvim/init.vim
059.245  000.085: sourcing vimrc file(s)
059.559  000.061  000.061: sourcing /home/neeladri/.config/nvim/autoload/plugged/coc.nvim/autoload/coc/rpc.vim
059.972  000.378  000.378: sourcing /home/neeladri/.config/nvim/autoload/plugged/coc.nvim/autoload/coc/util.vim
060.205  000.126  000.126: sourcing /home/neeladri/.config/nvim/autoload/plugged/coc.nvim/autoload/coc/client.vim
063.402  003.989  003.424: sourcing /home/neeladri/.config/nvim/autoload/plugged/coc.nvim/plugin/coc.vim
064.887  001.390  001.390: sourcing /home/neeladri/.config/nvim/autoload/plugged/emmet-vim/plugin/emmet.vim
065.247  000.303  000.303: sourcing /home/neeladri/.config/nvim/autoload/plugged/vim-surround/plugin/surround.vim
065.775  000.206  000.206: sourcing /home/neeladri/.config/nvim/autoload/plugged/delimitmate/autoload/delimitMate.vim
067.346  002.045  001.839: sourcing /home/neeladri/.config/nvim/autoload/plugged/delimitmate/plugin/delimitMate.vim
067.862  000.448  000.448: sourcing /home/neeladri/.config/nvim/autoload/plugged/fzf/plugin/fzf.vim
068.491  000.569  000.569: sourcing /home/neeladri/.config/nvim/autoload/plugged/fzf.vim/plugin/fzf.vim
071.485  002.937  002.937: sourcing /home/neeladri/.config/nvim/autoload/plugged/nerdcommenter/plugin/NERD_commenter.vim
071.688  000.147  000.147: sourcing /home/neeladri/.config/nvim/autoload/plugged/vim-highlightedyank/plugin/highlightedyank.vim
072.546  000.791  000.791: sourcing /home/neeladri/.config/nvim/autoload/plugged/nvim-treesitter/plugin/nvim-treesitter.vim
072.717  000.102  000.102: sourcing /home/neeladri/.config/nvim/autoload/plugged/galaxyline.nvim/plugin/galaxyline.vim
072.924  000.013  000.013: sourcing /home/neeladri/.config/nvim/autoload/plugged/indent-blankline.nvim/autoload/indent_blankline/helper.vim
074.467  001.643  001.630: sourcing /home/neeladri/.config/nvim/autoload/plugged/indent-blankline.nvim/plugin/indent_blankline.vim
074.684  000.153  000.153: sourcing /home/neeladri/.config/nvim/autoload/plugged/vim-rooter/plugin/rooter.vim
075.855  001.116  001.116: sourcing /home/neeladri/.config/nvim/autoload/plugged/vim-fugitive/plugin/fugitive.vim
076.043  000.124  000.124: sourcing /home/neeladri/.config/nvim/autoload/plugged/nvim-blame-line/plugin/blameline.vim
076.364  000.267  000.267: sourcing /home/neeladri/.config/nvim/autoload/plugged/vim-subversive/plugin/subversive.vim
076.537  000.030  000.030: sourcing /home/neeladri/.config/nvim/autoload/plugged/vim-cutlass/autoload/cutlass.vim
077.731  001.314  001.284: sourcing /home/neeladri/.config/nvim/autoload/plugged/vim-cutlass/plugin/cutlass.vim
083.199  005.397  005.397: sourcing /home/neeladri/.config/nvim/autoload/plugged/vim-unimpaired/plugin/unimpaired.vim
083.377  000.084  000.084: sourcing /home/neeladri/.config/nvim/autoload/plugged/vim-visual-star-search/plugin/visual-star-search.vim
083.472  000.036  000.036: sourcing /home/neeladri/.config/nvim/autoload/plugged/nvim-web-devicons/plugin/nvim-web-devicons.vim
083.544  000.015  000.015: sourcing /home/neeladri/.config/nvim/autoload/plugged/which-key.nvim/plugin/which-key.vim
083.784  000.195  000.195: sourcing /home/neeladri/.config/nvim/autoload/plugged/targets.vim/plugin/targets.vim
083.876  000.037  000.037: sourcing /home/neeladri/.config/nvim/autoload/plugged/nvim-ts-autotag/plugin/nvim-ts-autotag.vim
083.973  000.039  000.039: sourcing /home/neeladri/.config/nvim/autoload/plugged/plenary.nvim/plugin/plenary.vim
084.371  000.350  000.350: sourcing /home/neeladri/.config/nvim/autoload/plugged/telescope.nvim/plugin/telescope.vim
085.000  000.400  000.400: sourcing /usr/share/nvim/runtime/plugin/gzip.vim
085.029  000.011  000.011: sourcing /usr/share/nvim/runtime/plugin/health.vim
085.216  000.172  000.172: sourcing /usr/share/nvim/runtime/plugin/man.vim
085.829  000.253  000.253: sourcing /usr/share/nvim/runtime/pack/dist/opt/matchit/plugin/matchit.vim
085.907  000.676  000.424: sourcing /usr/share/nvim/runtime/plugin/matchit.vim
086.076  000.153  000.153: sourcing /usr/share/nvim/runtime/plugin/matchparen.vim
086.478  000.388  000.388: sourcing /usr/share/nvim/runtime/plugin/netrwPlugin.vim
086.611  000.009  000.009: sourcing /home/neeladri/.local/share/nvim/rplugin.vim
086.616  000.114  000.105: sourcing /usr/share/nvim/runtime/plugin/rplugin.vim
086.716  000.086  000.086: sourcing /usr/share/nvim/runtime/plugin/shada.vim
086.763  000.019  000.019: sourcing /usr/share/nvim/runtime/plugin/spellfile.vim
086.896  000.117  000.117: sourcing /usr/share/nvim/runtime/plugin/tarPlugin.vim
086.994  000.062  000.062: sourcing /usr/share/nvim/runtime/plugin/tohtml.vim
087.026  000.015  000.015: sourcing /usr/share/nvim/runtime/plugin/tutor.vim
087.186  000.144  000.144: sourcing /usr/share/nvim/runtime/plugin/zipPlugin.vim
087.971  002.879: loading plugins
088.082  000.110: loading packages
088.311  000.230: loading after plugins
088.324  000.013: inits 3
089.476  001.152: reading ShaDa
089.885  000.016  000.016: sourcing /home/neeladri/.config/nvim/autoload/plugged/indent-blankline.nvim/autoload/indent_blankline.vim
090.006  000.515: opening buffers
092.857  002.851: BufEnter autocommands
092.860  000.003: editing files in windows
111.471  018.611: VimEnter autocommands
111.476  000.005: UIEnter autocommands
111.809  000.178  000.178: sourcing /usr/share/nvim/runtime/autoload/provider/clipboard.vim
111.816  000.162: before starting main loop
112.382  000.517  000.517: sourcing /home/neeladri/.config/nvim/autoload/plugged/coc.nvim/autoload/coc/float.vim
114.943  002.610: first screen update
114.945  000.002: --- NVIM STARTED ---
