

times in msec
 clock   self+sourced   self:  sourced script
 clock   elapsed:              other lines

000.007  000.007: --- NVIM STARTING ---
000.202  000.195: locale set
000.415  000.213: inits 1
000.423  000.008: window checked
000.425  000.002: parsing arguments
002.006  001.581: expanding arguments
002.021  000.015: inits 2
002.337  000.317: init highlight
002.339  000.001: waiting for UI
003.102  000.763: done waiting for UI
003.113  000.011: init screen for UI
003.128  000.014: init default mappings
003.151  000.023: init default autocommands
003.544  000.041  000.041: sourcing /usr/share/nvim/runtime/ftplugin.vim
003.587  000.022  000.022: sourcing /usr/share/nvim/runtime/indent.vim
004.583  000.913  000.913: sourcing /home/neeladri/.config/nvim/autoload/plug.vim
008.755  000.015  000.015: sourcing /home/neeladri/.config/nvim/autoload/plugged/vimtex/ftdetect/cls.vim
008.792  000.013  000.013: sourcing /home/neeladri/.config/nvim/autoload/plugged/vimtex/ftdetect/tex.vim
008.824  000.012  000.012: sourcing /home/neeladri/.config/nvim/autoload/plugged/vimtex/ftdetect/tikz.vim
010.464  000.019  000.019: sourcing /home/neeladri/.config/nvim/autoload/plugged/filetype.nvim/filetype.vim
010.704  000.051  000.051: sourcing /usr/share/nvim/runtime/filetype.lua
010.728  000.010  000.010: sourcing /usr/share/nvim/runtime/filetype.vim
010.859  000.007  000.007: sourcing /usr/share/nvim/runtime/ftplugin.vim
010.992  000.008  000.008: sourcing /usr/share/nvim/runtime/indent.vim
011.209  000.063  000.063: sourcing /usr/share/nvim/runtime/syntax/synload.vim
011.266  000.242  000.179: sourcing /usr/share/nvim/runtime/syntax/syntax.vim
011.276  007.635  006.344: sourcing /home/neeladri/.config/nvim/vim-plug/plugins.vim
012.000  000.080  000.080: sourcing /home/neeladri/.config/nvim/autoload/plugged/everforest/autoload/everforest.vim
018.501  006.695  006.615: sourcing /home/neeladri/.config/nvim/autoload/plugged/everforest/colors/everforest.vim
080.426  000.097  000.097: sourcing /usr/share/nvim/runtime/syntax/nosyntax.vim
080.629  000.071  000.071: sourcing /usr/share/nvim/runtime/syntax/synload.vim
080.719  000.426  000.258: sourcing /usr/share/nvim/runtime/syntax/syntax.vim
089.147  085.521  070.765: sourcing /home/neeladri/.config/nvim/init.vim
089.155  000.421: sourcing vimrc file(s)
089.713  000.188  000.188: sourcing /home/neeladri/.config/nvim/autoload/plugged/vim-startuptime/plugin/startuptime.vim
091.069  001.307  001.307: sourcing /home/neeladri/.config/nvim/autoload/plugged/emmet-vim/plugin/emmet.vim
091.399  000.275  000.275: sourcing /home/neeladri/.config/nvim/autoload/plugged/vim-surround/plugin/surround.vim
091.942  000.233  000.233: sourcing /home/neeladri/.config/nvim/autoload/plugged/delimitmate/autoload/delimitMate.vim
093.520  002.066  001.834: sourcing /home/neeladri/.config/nvim/autoload/plugged/delimitmate/plugin/delimitMate.vim
095.247  001.652  001.652: sourcing /home/neeladri/.config/nvim/autoload/plugged/nerdcommenter/plugin/nerdcommenter.vim
095.348  000.042  000.042: sourcing /home/neeladri/.config/nvim/autoload/plugged/FixCursorHold.nvim/plugin/fix_cursorhold_nvim.vim
095.483  000.059  000.059: sourcing /home/neeladri/.config/nvim/autoload/plugged/galaxyline.nvim/plugin/galaxyline.vim
096.316  000.782  000.782: sourcing /home/neeladri/.config/nvim/autoload/plugged/indent-blankline.nvim/plugin/indent_blankline.vim
097.149  000.776  000.776: sourcing /home/neeladri/.config/nvim/autoload/plugged/vim-fugitive/plugin/fugitive.vim
097.473  000.250  000.250: sourcing /home/neeladri/.config/nvim/autoload/plugged/vim-subversive/plugin/subversive.vim
097.635  000.029  000.029: sourcing /home/neeladri/.config/nvim/autoload/plugged/vim-cutlass/autoload/cutlass.vim
099.475  001.938  001.909: sourcing /home/neeladri/.config/nvim/autoload/plugged/vim-cutlass/plugin/cutlass.vim
105.357  005.797  005.797: sourcing /home/neeladri/.config/nvim/autoload/plugged/vim-unimpaired/plugin/unimpaired.vim
105.500  000.076  000.076: sourcing /home/neeladri/.config/nvim/autoload/plugged/vim-visual-star-search/plugin/visual-star-search.vim
105.598  000.031  000.031: sourcing /home/neeladri/.config/nvim/autoload/plugged/nvim-web-devicons/plugin/nvim-web-devicons.vim
105.662  000.011  000.011: sourcing /home/neeladri/.config/nvim/autoload/plugged/which-key.nvim/plugin/which-key.vim
106.723  001.020  001.020: sourcing /home/neeladri/.config/nvim/autoload/plugged/nvim-ts-autotag/plugin/nvim-ts-autotag.vim
106.819  000.036  000.036: sourcing /home/neeladri/.config/nvim/autoload/plugged/plenary.nvim/plugin/plenary.vim
107.161  000.119  000.119: sourcing /home/neeladri/.config/nvim/autoload/plugged/vim-searchhi/autoload/searchhi.vim
107.527  000.634  000.516: sourcing /home/neeladri/.config/nvim/autoload/plugged/vim-searchhi/plugin/searchhi.vim
107.610  000.025  000.025: sourcing /home/neeladri/.config/nvim/autoload/plugged/nvim-colorizer.lua/plugin/colorizer.vim
107.898  000.195  000.195: sourcing /home/neeladri/.config/nvim/autoload/plugged/LuaSnip/plugin/luasnip.vim
108.018  000.059  000.059: sourcing /home/neeladri/.config/nvim/autoload/plugged/nvim-lspconfig/plugin/lspconfig.vim
108.287  000.012  000.012: sourcing /usr/share/nvim/runtime/plugin/gzip.vim
108.307  000.008  000.008: sourcing /usr/share/nvim/runtime/plugin/health.vim
108.344  000.027  000.027: sourcing /usr/share/nvim/runtime/plugin/man.vim
108.365  000.010  000.010: sourcing /usr/share/nvim/runtime/plugin/matchit.vim
108.385  000.009  000.009: sourcing /usr/share/nvim/runtime/plugin/matchparen.vim
108.407  000.011  000.011: sourcing /usr/share/nvim/runtime/plugin/netrwPlugin.vim
108.423  000.006  000.006: sourcing /usr/share/nvim/runtime/plugin/rplugin.vim
108.439  000.006  000.006: sourcing /usr/share/nvim/runtime/plugin/shada.vim
108.459  000.007  000.007: sourcing /usr/share/nvim/runtime/plugin/spellfile.vim
108.479  000.010  000.010: sourcing /usr/share/nvim/runtime/plugin/tarPlugin.vim
108.497  000.007  000.007: sourcing /usr/share/nvim/runtime/plugin/tohtml.vim
108.513  000.006  000.006: sourcing /usr/share/nvim/runtime/plugin/tutor.vim
108.533  000.010  000.010: sourcing /usr/share/nvim/runtime/plugin/zipPlugin.vim
109.755  001.020  001.020: sourcing /home/neeladri/.config/nvim/autoload/plugged/nvim-treesitter/plugin/nvim-treesitter.lua
110.336  000.237  000.237: sourcing /home/neeladri/.config/nvim/autoload/plugged/telescope.nvim/plugin/telescope.lua
110.882  000.417  000.417: sourcing /home/neeladri/.config/nvim/autoload/plugged/nvim-cmp/plugin/cmp.lua
111.243  003.061: loading rtp plugins
111.371  000.129: loading packages
111.533  000.031  000.031: sourcing /home/neeladri/.config/nvim/autoload/plugged/cmp-nvim-lsp/after/plugin/cmp_nvim_lsp.lua
112.114  000.539  000.539: sourcing /home/neeladri/.config/nvim/autoload/plugged/cmp-buffer/after/plugin/cmp_buffer.lua
112.393  000.230  000.230: sourcing /home/neeladri/.config/nvim/autoload/plugged/cmp-path/after/plugin/cmp_path.lua
112.654  000.212  000.212: sourcing /home/neeladri/.config/nvim/autoload/plugged/cmp-cmdline/after/plugin/cmp_cmdline.lua
112.657  000.274: loading after plugins
112.669  000.012: inits 3
113.714  001.045: reading ShaDa
114.726  001.012: opening buffers
117.337  002.612: BufEnter autocommands
117.342  000.005: editing files in windows
140.197  022.855: VimEnter autocommands
140.203  000.006: UIEnter autocommands
140.552  000.195  000.195: sourcing /usr/share/nvim/runtime/autoload/provider/clipboard.vim
140.559  000.161: before starting main loop
143.134  002.575: first screen update
143.136  000.002: --- NVIM STARTED ---


times in msec
 clock   self+sourced   self:  sourced script
 clock   elapsed:              other lines

000.029  000.029: --- NVIM STARTING ---
000.896  000.867: locale set
001.123  000.227: inits 1
001.130  000.007: window checked
001.132  000.002: parsing arguments
003.062  001.930: expanding arguments
003.079  000.017: inits 2
003.379  000.299: init highlight
003.380  000.001: waiting for UI
004.198  000.818: done waiting for UI
004.209  000.011: init screen for UI
004.223  000.014: init default mappings
004.266  000.042: init default autocommands
004.961  000.043  000.043: sourcing /usr/share/nvim/runtime/ftplugin.vim
005.006  000.023  000.023: sourcing /usr/share/nvim/runtime/indent.vim
006.008  000.916  000.916: sourcing /home/neeladri/.config/nvim/autoload/plug.vim
010.102  000.017  000.017: sourcing /home/neeladri/.config/nvim/autoload/plugged/vimtex/ftdetect/cls.vim
010.138  000.013  000.013: sourcing /home/neeladri/.config/nvim/autoload/plugged/vimtex/ftdetect/tex.vim
010.170  000.012  000.012: sourcing /home/neeladri/.config/nvim/autoload/plugged/vimtex/ftdetect/tikz.vim
011.766  000.019  000.019: sourcing /home/neeladri/.config/nvim/autoload/plugged/filetype.nvim/filetype.vim
011.999  000.051  000.051: sourcing /usr/share/nvim/runtime/filetype.lua
012.024  000.011  000.011: sourcing /usr/share/nvim/runtime/filetype.vim
012.151  000.007  000.007: sourcing /usr/share/nvim/runtime/ftplugin.vim
012.265  000.006  000.006: sourcing /usr/share/nvim/runtime/indent.vim
012.476  000.064  000.064: sourcing /usr/share/nvim/runtime/syntax/synload.vim
012.533  000.237  000.173: sourcing /usr/share/nvim/runtime/syntax/syntax.vim
012.543  007.480  006.192: sourcing /home/neeladri/.config/nvim/vim-plug/plugins.vim
013.285  000.084  000.084: sourcing /home/neeladri/.config/nvim/autoload/plugged/everforest/autoload/everforest.vim
018.959  005.866  005.782: sourcing /home/neeladri/.config/nvim/autoload/plugged/everforest/colors/everforest.vim
073.270  000.083  000.083: sourcing /usr/share/nvim/runtime/syntax/nosyntax.vim
073.455  000.070  000.070: sourcing /usr/share/nvim/runtime/syntax/synload.vim
073.540  000.387  000.234: sourcing /usr/share/nvim/runtime/syntax/syntax.vim
080.105  075.058  061.325: sourcing /home/neeladri/.config/nvim/init.vim
080.111  000.720: sourcing vimrc file(s)
080.676  000.173  000.173: sourcing /home/neeladri/.config/nvim/autoload/plugged/vim-startuptime/plugin/startuptime.vim
080.975  000.252  000.252: sourcing /home/neeladri/.config/nvim/autoload/plugged/vim-surround/plugin/surround.vim
081.490  000.233  000.233: sourcing /home/neeladri/.config/nvim/autoload/plugged/delimitmate/autoload/delimitMate.vim
083.056  002.024  001.791: sourcing /home/neeladri/.config/nvim/autoload/plugged/delimitmate/plugin/delimitMate.vim
084.507  001.388  001.388: sourcing /home/neeladri/.config/nvim/autoload/plugged/nerdcommenter/plugin/nerdcommenter.vim
084.603  000.040  000.040: sourcing /home/neeladri/.config/nvim/autoload/plugged/FixCursorHold.nvim/plugin/fix_cursorhold_nvim.vim
084.744  000.069  000.069: sourcing /home/neeladri/.config/nvim/autoload/plugged/galaxyline.nvim/plugin/galaxyline.vim
086.020  001.226  001.226: sourcing /home/neeladri/.config/nvim/autoload/plugged/indent-blankline.nvim/plugin/indent_blankline.vim
086.834  000.752  000.752: sourcing /home/neeladri/.config/nvim/autoload/plugged/vim-fugitive/plugin/fugitive.vim
087.129  000.225  000.225: sourcing /home/neeladri/.config/nvim/autoload/plugged/vim-subversive/plugin/subversive.vim
087.270  000.028  000.028: sourcing /home/neeladri/.config/nvim/autoload/plugged/vim-cutlass/autoload/cutlass.vim
088.230  001.049  001.021: sourcing /home/neeladri/.config/nvim/autoload/plugged/vim-cutlass/plugin/cutlass.vim
088.348  000.056  000.056: sourcing /home/neeladri/.config/nvim/autoload/plugged/vim-visual-star-search/plugin/visual-star-search.vim
088.418  000.024  000.024: sourcing /home/neeladri/.config/nvim/autoload/plugged/nvim-web-devicons/plugin/nvim-web-devicons.vim
088.477  000.010  000.010: sourcing /home/neeladri/.config/nvim/autoload/plugged/which-key.nvim/plugin/which-key.vim
089.694  000.899  000.899: sourcing /home/neeladri/.config/nvim/autoload/plugged/nvim-ts-autotag/plugin/nvim-ts-autotag.vim
089.780  000.030  000.030: sourcing /home/neeladri/.config/nvim/autoload/plugged/plenary.nvim/plugin/plenary.vim
090.079  000.109  000.109: sourcing /home/neeladri/.config/nvim/autoload/plugged/vim-searchhi/autoload/searchhi.vim
090.344  000.489  000.379: sourcing /home/neeladri/.config/nvim/autoload/plugged/vim-searchhi/plugin/searchhi.vim
090.422  000.025  000.025: sourcing /home/neeladri/.config/nvim/autoload/plugged/nvim-colorizer.lua/plugin/colorizer.vim
090.724  000.152  000.152: sourcing /home/neeladri/.config/nvim/autoload/plugged/LuaSnip/plugin/luasnip.vim
090.835  000.053  000.053: sourcing /home/neeladri/.config/nvim/autoload/plugged/nvim-lspconfig/plugin/lspconfig.vim
091.090  000.012  000.012: sourcing /usr/share/nvim/runtime/plugin/gzip.vim
091.109  000.008  000.008: sourcing /usr/share/nvim/runtime/plugin/health.vim
091.146  000.027  000.027: sourcing /usr/share/nvim/runtime/plugin/man.vim
091.167  000.009  000.009: sourcing /usr/share/nvim/runtime/plugin/matchit.vim
091.185  000.009  000.009: sourcing /usr/share/nvim/runtime/plugin/matchparen.vim
091.207  000.012  000.012: sourcing /usr/share/nvim/runtime/plugin/netrwPlugin.vim
091.223  000.006  000.006: sourcing /usr/share/nvim/runtime/plugin/rplugin.vim
091.237  000.005  000.005: sourcing /usr/share/nvim/runtime/plugin/shada.vim
091.257  000.007  000.007: sourcing /usr/share/nvim/runtime/plugin/spellfile.vim
091.277  000.010  000.010: sourcing /usr/share/nvim/runtime/plugin/tarPlugin.vim
091.294  000.007  000.007: sourcing /usr/share/nvim/runtime/plugin/tohtml.vim
091.310  000.006  000.006: sourcing /usr/share/nvim/runtime/plugin/tutor.vim
091.330  000.011  000.011: sourcing /usr/share/nvim/runtime/plugin/zipPlugin.vim
092.386  000.887  000.887: sourcing /home/neeladri/.config/nvim/autoload/plugged/nvim-treesitter/plugin/nvim-treesitter.lua
092.907  000.222  000.222: sourcing /home/neeladri/.config/nvim/autoload/plugged/telescope.nvim/plugin/telescope.lua
093.399  000.373  000.373: sourcing /home/neeladri/.config/nvim/autoload/plugged/nvim-cmp/plugin/cmp.lua
093.638  002.981: loading rtp plugins
093.759  000.121: loading packages
093.912  000.027  000.027: sourcing /home/neeladri/.config/nvim/autoload/plugged/cmp-nvim-lsp/after/plugin/cmp_nvim_lsp.lua
094.448  000.496  000.496: sourcing /home/neeladri/.config/nvim/autoload/plugged/cmp-buffer/after/plugin/cmp_buffer.lua
094.757  000.214  000.214: sourcing /home/neeladri/.config/nvim/autoload/plugged/cmp-path/after/plugin/cmp_path.lua
095.026  000.222  000.222: sourcing /home/neeladri/.config/nvim/autoload/plugged/cmp-cmdline/after/plugin/cmp_cmdline.lua
095.030  000.313: loading after plugins
095.040  000.010: inits 3
096.060  001.020: reading ShaDa
097.107  001.047: opening buffers
099.034  001.927: BufEnter autocommands
099.036  000.002: editing files in windows
111.820  012.784: VimEnter autocommands
111.823  000.003: UIEnter autocommands
112.101  000.160  000.160: sourcing /usr/share/nvim/runtime/autoload/provider/clipboard.vim
112.107  000.123: before starting main loop
114.272  002.165: first screen update
114.274  000.002: --- NVIM STARTED ---
